
> docker@0.0.1 build
> vite build

vite v8.0.11 building ssr environment for production...
[2Ktransforming...11:25:53 AM [vite-plugin-svelte] src/routes/compose/+page.svelte:7:29 This reference only captures the initial value of `data`. Did you mean to reference it inside a derived instead?
https://svelte.dev/e/state_referenced_locally
 5: 
 6:   let { data } = $props();
 7:   let selectedStack = $state(data.stacks[0] || null);
                                     ^
 8:   let yamlContent = $state('');
 9:   let loading = $state(false);
11:25:53 AM [vite-plugin-svelte] src/routes/containers/+page.svelte:18:26 This reference only captures the initial value of `data`. Did you mean to reference it inside a derived instead?
https://svelte.dev/e/state_referenced_locally
16:   let { data } = $props();
17:   
18:   let containers = $state(data.containers);
                                  ^
19:   let filter = $state('all');
20:   let searchQuery = $state('');
11:25:53 AM [vite-plugin-svelte] src/routes/images/+page.svelte:6:22 This reference only captures the initial value of `data`. Did you mean to reference it inside a derived instead?
https://svelte.dev/e/state_referenced_locally
4: 
5:   let { data } = $props();
6:   let images = $state(data.images);
                             ^
7:   let searchQuery = $state('');
8:   let pulling = $state(false);
✓ 3210 modules transformed.
rendering chunks...
vite v8.0.11 building client environment for production...
[2Ktransforming...11:26:11 AM [vite-plugin-svelte] src/routes/compose/+page.svelte:7:29 This reference only captures the initial value of `data`. Did you mean to reference it inside a derived instead?
https://svelte.dev/e/state_referenced_locally
 5: 
 6:   let { data } = $props();
 7:   let selectedStack = $state(data.stacks[0] || null);
                                     ^
 8:   let yamlContent = $state('');
 9:   let loading = $state(false);
11:26:12 AM [vite-plugin-svelte] src/routes/containers/+page.svelte:18:26 This reference only captures the initial value of `data`. Did you mean to reference it inside a derived instead?
https://svelte.dev/e/state_referenced_locally
16:   let { data } = $props();
17:   
18:   let containers = $state(data.containers);
                                  ^
19:   let filter = $state('all');
20:   let searchQuery = $state('');
11:26:12 AM [vite-plugin-svelte] src/routes/images/+page.svelte:6:22 This reference only captures the initial value of `data`. Did you mean to reference it inside a derived instead?
https://svelte.dev/e/state_referenced_locally
4: 
5:   let { data } = $props();
6:   let images = $state(data.images);
                             ^
7:   let searchQuery = $state('');
8:   let pulling = $state(false);
✓ 3226 modules transformed.
rendering chunks...
computing gzip size...
.svelte-kit/output/client/_app/version.json                             0.02 kB │ gzip:     0.04 kB
.svelte-kit/output/client/.vite/manifest.json                           5.34 kB │ gzip:     0.80 kB
.svelte-kit/output/client/_app/immutable/assets/4.Bl3G7dBK.css          0.02 kB │ gzip:     0.04 kB
.svelte-kit/output/client/_app/immutable/assets/3.D6j2eVg9.css          0.03 kB │ gzip:     0.05 kB
.svelte-kit/output/client/_app/immutable/assets/6.1yPEXFx6.css          0.23 kB │ gzip:     0.13 kB
.svelte-kit/output/client/_app/immutable/assets/uPlot.CnsZ1jie.css      1.64 kB │ gzip:     0.69 kB
.svelte-kit/output/client/_app/immutable/assets/8.C8UFwg4_.css          3.99 kB │ gzip:     1.02 kB
.svelte-kit/output/client/_app/immutable/assets/0.CY5Z1WlM.css         31.14 kB │ gzip:     6.30 kB
.svelte-kit/output/client/_app/immutable/chunks/CT0T0Gak.js             0.06 kB │ gzip:     0.08 kB
.svelte-kit/output/client/_app/immutable/entry/start.Dk7odxRD.js        0.07 kB │ gzip:     0.08 kB
.svelte-kit/output/client/_app/immutable/nodes/1.DR_gyj_6.js            0.37 kB │ gzip:     0.26 kB
.svelte-kit/output/client/_app/immutable/chunks/Bwn_mbf8.js             0.76 kB │ gzip:     0.33 kB
.svelte-kit/output/client/_app/immutable/chunks/DXb0ZbaM.js             1.20 kB │ gzip:     0.68 kB
.svelte-kit/output/client/_app/immutable/nodes/7.Dw2fri5n.js            2.62 kB │ gzip:     1.30 kB
.svelte-kit/output/client/_app/immutable/nodes/0.Z0wsLMMk.js            2.89 kB │ gzip:     1.21 kB
.svelte-kit/output/client/_app/immutable/nodes/3.CwHOspTP.js            3.38 kB │ gzip:     1.44 kB
.svelte-kit/output/client/_app/immutable/entry/app.G2V9hzmY.js          3.72 kB │ gzip:     1.53 kB
.svelte-kit/output/client/_app/immutable/nodes/2.CIeR2skH.js            4.15 kB │ gzip:     1.36 kB
.svelte-kit/output/client/_app/immutable/nodes/6.CPxLo6jf.js            6.21 kB │ gzip:     2.56 kB
.svelte-kit/output/client/_app/immutable/chunks/D7K1yW2Z.js            31.12 kB │ gzip:    11.87 kB
.svelte-kit/output/client/_app/immutable/nodes/5.C7lWnr1e.js           35.42 kB │ gzip:    12.01 kB
.svelte-kit/output/client/_app/immutable/chunks/vjWrISGH.js            51.04 kB │ gzip:    22.23 kB
.svelte-kit/output/client/_app/immutable/chunks/CQ4_Lxj4.js            51.99 kB │ gzip:    19.87 kB
.svelte-kit/output/client/_app/immutable/nodes/8.CGrKOddK.js          343.61 kB │ gzip:    87.71 kB
.svelte-kit/output/client/_app/immutable/nodes/4.BffYlnUD.js          424.28 kB │ gzip:   138.30 kB
.svelte-kit/output/client/_app/immutable/chunks/B4qD5WWv.js         8,421.53 kB │ gzip: 1,056.24 kB

[plugin builtin:vite-reporter] 
(!) Some chunks are larger than 500 kB after minification. Consider:
- Using dynamic import() to code-split the application
- Use build.rolldownOptions.output.codeSplitting to improve chunking: https://rolldown.rs/reference/OutputOptions.codeSplitting
- Adjust chunk size limit for this warning via build.chunkSizeWarningLimit.
✗ Build failed in 18.39s
✗ Build failed in 36.68s
error during build:
Build failed with 1 error:

[plugin vite-plugin-sveltekit-compile]
Error: Build failed with 1 error:

Error: [vite]: Rolldown failed to resolve import "@codemirror/theme-one-dark" from "/home/house/docker/src/lib/components/Editor.svelte".
This is most likely unintended because it can break your application at runtime.
If you do want to externalize this module explicitly add it to
`build.rollupOptions.external`
    at viteLog (file:///home/house/docker/node_modules/vite/dist/node/chunks/node.js:33126:57)
    at file:///home/house/docker/node_modules/vite/dist/node/chunks/node.js:33162:71
    at onwarn (file:///home/house/docker/node_modules/@sveltejs/kit/src/exports/vite/index.js:963:10)
    at file:///home/house/docker/node_modules/vite/dist/node/chunks/node.js:33162:28
    at onRollupLog (file:///home/house/docker/node_modules/vite/dist/node/chunks/node.js:33157:63)
    at onLog (file:///home/house/docker/node_modules/vite/dist/node/chunks/node.js:32926:4)
    at file:///home/house/docker/node_modules/rolldown/dist/shared/rolldown-build-CorVA9v1.mjs:50:26
    at logger (file:///home/house/docker/node_modules/rolldown/dist/shared/rolldown-build-CorVA9v1.mjs:41:3)
    at onLog (file:///home/house/docker/node_modules/rolldown/dist/shared/bindingify-input-options-DQ2Xw70P.mjs:1991:32)
    at aggregateBindingErrorsIntoJsError (file:///home/house/docker/node_modules/rolldown/dist/shared/error-D4ASW9r2.mjs:48:18)
    at unwrapBindingResult (file:///home/house/docker/node_modules/rolldown/dist/shared/error-D4ASW9r2.mjs:18:128)
    at #build (file:///home/house/docker/node_modules/rolldown/dist/shared/rolldown-build-CorVA9v1.mjs:3255:34)
    at async buildEnvironment (file:///home/house/docker/node_modules/vite/dist/node/chunks/node.js:33033:64)
    at async Object.build (file:///home/house/docker/node_modules/vite/dist/node/chunks/node.js:33455:19)
    at async PluginContextImpl.handler (file:///home/house/docker/node_modules/@sveltejs/kit/src/exports/vite/index.js:1134:7)
    at async plugin (file:///home/house/docker/node_modules/rolldown/dist/shared/bindingify-input-options-DQ2Xw70P.mjs:1378:4)
    at async plugin.<computed> (file:///home/house/docker/node_modules/rolldown/dist/shared/bindingify-input-options-DQ2Xw70P.mjs:1612:12)
    at aggregateBindingErrorsIntoJsError (file:///home/house/docker/node_modules/rolldown/dist/shared/error-D4ASW9r2.mjs:48:18)
    at unwrapBindingResult (file:///home/house/docker/node_modules/rolldown/dist/shared/error-D4ASW9r2.mjs:18:128)
    at #build (file:///home/house/docker/node_modules/rolldown/dist/shared/rolldown-build-CorVA9v1.mjs:3255:34)
    at async buildEnvironment (file:///home/house/docker/node_modules/vite/dist/node/chunks/node.js:33033:64)
    at async Object.build (file:///home/house/docker/node_modules/vite/dist/node/chunks/node.js:33455:19)
    at async Object.buildApp (file:///home/house/docker/node_modules/vite/dist/node/chunks/node.js:33452:153)
    at async CAC.<anonymous> (file:///home/house/docker/node_modules/vite/dist/node/cli.js:778:3) {
  errors: [Getter/Setter]
}
